Archive member included because of file (symbol)

c:/program files (x86)/atmel/atmel toolchain/avr8 gcc/native/3.4.2.1002/avr8-gnu-toolchain/bin/../lib/gcc/avr/4.7.2/avr51\libgcc.a(_exit.o)
                              c:/program files (x86)/atmel/atmel toolchain/avr8 gcc/native/3.4.2.1002/avr8-gnu-toolchain/bin/../lib/gcc/avr/4.7.2/../../../../avr/lib/avr51/crtusb1286.o (exit)
c:/program files (x86)/atmel/atmel toolchain/avr8 gcc/native/3.4.2.1002/avr8-gnu-toolchain/bin/../lib/gcc/avr/4.7.2/avr51\libgcc.a(_copy_data.o)
                              programmer_task.o (__do_copy_data)
c:/program files (x86)/atmel/atmel toolchain/avr8 gcc/native/3.4.2.1002/avr8-gnu-toolchain/bin/../lib/gcc/avr/4.7.2/avr51\libgcc.a(_clear_bss.o)
                              usb_device_task.o (__do_clear_bss)

Allocating common symbols
Common symbol       size              file

endpoint_status     0x7               usb_standard_request.o
g_buf               0x100             programmer_task.o
ms_multiple_drive   0x1               usb_specific_request.o
g_data              0x1               programmer_task.o
g_dir               0x1               programmer_task.o
cpt_sof             0x1               programmer_task.o
g_command           0x1               programmer_task.o
usb_configuration_nb
                    0x1               usb_standard_request.o
g_status            0x1               programmer_task.o
data_to_transfer    0x1               usb_standard_request.o
pbuffer             0x2               usb_standard_request.o

Discarded input sections

 .bss           0x00000000        0x0 c:/program files (x86)/atmel/atmel toolchain/avr8 gcc/native/3.4.2.1002/avr8-gnu-toolchain/bin/../lib/gcc/avr/4.7.2/../../../../avr/lib/avr51/crtusb1286.o
 .text          0x00000000        0x0 main.o
 .bss           0x00000000        0x0 main.o
 .text          0x00000000        0x0 scheduler.o
 .bss           0x00000000        0x0 scheduler.o
 .text.scheduler_empty_fct
                0x00000000        0x2 scheduler.o
 .text          0x00000000        0x0 usb_descriptors.o
 .bss           0x00000000        0x0 usb_descriptors.o
 .text          0x00000000        0x0 usb_device_task.o
 .bss           0x00000000        0x0 usb_device_task.o
 .bss.usb_suspended
                0x00000000        0x1 usb_device_task.o
 .text          0x00000000        0x0 usb_specific_request.o
 .bss           0x00000000        0x0 usb_specific_request.o
 COMMON         0x00000000        0x1 usb_specific_request.o
 .text          0x00000000        0x0 usb_standard_request.o
 .bss           0x00000000        0x0 usb_standard_request.o
 .text.usb_generate_remote_wakeup
                0x00000000       0x36 usb_standard_request.o
 .text          0x00000000        0x0 usb_task.o
 .bss           0x00000000        0x0 usb_task.o
 .text          0x00000000        0x0 lib_mcu/power/power_drv.o
 .bss           0x00000000        0x0 lib_mcu/power/power_drv.o
 .text.set_power_down_mode
                0x00000000        0xc lib_mcu/power/power_drv.o
 .text.set_idle_mode
                0x00000000        0xc lib_mcu/power/power_drv.o
 .text.set_adc_noise_reduction_mode
                0x00000000        0xc lib_mcu/power/power_drv.o
 .text.set_power_save_mode
                0x00000000        0xc lib_mcu/power/power_drv.o
 .text.set_standby_mode
                0x00000000        0xc lib_mcu/power/power_drv.o
 .text.set_ext_standby_mode
                0x00000000        0xc lib_mcu/power/power_drv.o
 .text          0x00000000        0x0 lib_mcu/usb/usb_drv.o
 .bss           0x00000000        0x0 lib_mcu/usb/usb_drv.o
 .text.usb_select_enpoint_interrupt
                0x00000000       0x16 lib_mcu/usb/usb_drv.o
 .text.usb_send_packet
                0x00000000       0x22 lib_mcu/usb/usb_drv.o
 .text.usb_read_packet
                0x00000000       0x22 lib_mcu/usb/usb_drv.o
 .text.usb_halt_endpoint
                0x00000000       0x10 lib_mcu/usb/usb_drv.o
 .text          0x00000000        0x0 lib_mcu/wdt/wdt_drv.o
 .bss           0x00000000        0x0 lib_mcu/wdt/wdt_drv.o
 .text.wdtdrv_enable
                0x00000000       0x34 lib_mcu/wdt/wdt_drv.o
 .text.wdtdrv_interrupt_enable
                0x00000000       0x32 lib_mcu/wdt/wdt_drv.o
 .text.wdtdrv_interrupt_reset_enable
                0x00000000       0x34 lib_mcu/wdt/wdt_drv.o
 .text          0x00000000        0x0 programmer_task.o
 .bss           0x00000000        0x0 programmer_task.o
 .text.blink_led
                0x00000000       0x3c programmer_task.o
 .text          0x00000000        0x0 async.o
 .bss           0x00000000        0x0 async.o
 .text.usart_init
                0x00000000       0x4c async.o
 .text.usart_getc
                0x00000000       0x54 async.o
 .text.usart_read
                0x00000000       0x42 async.o
 .text.usart_tgetc
                0x00000000       0x6a async.o
 .text.usart_tgets
                0x00000000       0x5e async.o
 .text.usart_putc
                0x00000000       0x12 async.o
 .text.usart_write
                0x00000000       0x30 async.o
 .text          0x00000000        0x0 rs232_task.o
 .bss           0x00000000        0x0 rs232_task.o
 .text._crc_xmodem_update
                0x00000000       0x38 rs232_task.o
 .text.rs232_task_init
                0x00000000        0x4 rs232_task.o
 .text.rs232_task
                0x00000000      0x240 rs232_task.o
 .text          0x00000000        0x0 c:/program files (x86)/atmel/atmel toolchain/avr8 gcc/native/3.4.2.1002/avr8-gnu-toolchain/bin/../lib/gcc/avr/4.7.2/avr51\libgcc.a(_exit.o)
 .bss           0x00000000        0x0 c:/program files (x86)/atmel/atmel toolchain/avr8 gcc/native/3.4.2.1002/avr8-gnu-toolchain/bin/../lib/gcc/avr/4.7.2/avr51\libgcc.a(_exit.o)
 .text.libgcc.mul
                0x00000000        0x0 c:/program files (x86)/atmel/atmel toolchain/avr8 gcc/native/3.4.2.1002/avr8-gnu-toolchain/bin/../lib/gcc/avr/4.7.2/avr51\libgcc.a(_exit.o)
 .text.libgcc.div
                0x00000000        0x0 c:/program files (x86)/atmel/atmel toolchain/avr8 gcc/native/3.4.2.1002/avr8-gnu-toolchain/bin/../lib/gcc/avr/4.7.2/avr51\libgcc.a(_exit.o)
 .text.libgcc   0x00000000        0x0 c:/program files (x86)/atmel/atmel toolchain/avr8 gcc/native/3.4.2.1002/avr8-gnu-toolchain/bin/../lib/gcc/avr/4.7.2/avr51\libgcc.a(_exit.o)
 .text.libgcc.prologue
                0x00000000        0x0 c:/program files (x86)/atmel/atmel toolchain/avr8 gcc/native/3.4.2.1002/avr8-gnu-toolchain/bin/../lib/gcc/avr/4.7.2/avr51\libgcc.a(_exit.o)
 .text.libgcc.builtins
                0x00000000        0x0 c:/program files (x86)/atmel/atmel toolchain/avr8 gcc/native/3.4.2.1002/avr8-gnu-toolchain/bin/../lib/gcc/avr/4.7.2/avr51\libgcc.a(_exit.o)
 .text.libgcc.fmul
                0x00000000        0x0 c:/program files (x86)/atmel/atmel toolchain/avr8 gcc/native/3.4.2.1002/avr8-gnu-toolchain/bin/../lib/gcc/avr/4.7.2/avr51\libgcc.a(_exit.o)
 .text          0x00000000        0x0 c:/program files (x86)/atmel/atmel toolchain/avr8 gcc/native/3.4.2.1002/avr8-gnu-toolchain/bin/../lib/gcc/avr/4.7.2/avr51\libgcc.a(_copy_data.o)
 .bss           0x00000000        0x0 c:/program files (x86)/atmel/atmel toolchain/avr8 gcc/native/3.4.2.1002/avr8-gnu-toolchain/bin/../lib/gcc/avr/4.7.2/avr51\libgcc.a(_copy_data.o)
 .text.libgcc.mul
                0x00000000        0x0 c:/program files (x86)/atmel/atmel toolchain/avr8 gcc/native/3.4.2.1002/avr8-gnu-toolchain/bin/../lib/gcc/avr/4.7.2/avr51\libgcc.a(_copy_data.o)
 .text.libgcc.div
                0x00000000        0x0 c:/program files (x86)/atmel/atmel toolchain/avr8 gcc/native/3.4.2.1002/avr8-gnu-toolchain/bin/../lib/gcc/avr/4.7.2/avr51\libgcc.a(_copy_data.o)
 .text.libgcc   0x00000000        0x0 c:/program files (x86)/atmel/atmel toolchain/avr8 gcc/native/3.4.2.1002/avr8-gnu-toolchain/bin/../lib/gcc/avr/4.7.2/avr51\libgcc.a(_copy_data.o)
 .text.libgcc.prologue
                0x00000000        0x0 c:/program files (x86)/atmel/atmel toolchain/avr8 gcc/native/3.4.2.1002/avr8-gnu-toolchain/bin/../lib/gcc/avr/4.7.2/avr51\libgcc.a(_copy_data.o)
 .text.libgcc.builtins
                0x00000000        0x0 c:/program files (x86)/atmel/atmel toolchain/avr8 gcc/native/3.4.2.1002/avr8-gnu-toolchain/bin/../lib/gcc/avr/4.7.2/avr51\libgcc.a(_copy_data.o)
 .text.libgcc.fmul
                0x00000000        0x0 c:/program files (x86)/atmel/atmel toolchain/avr8 gcc/native/3.4.2.1002/avr8-gnu-toolchain/bin/../lib/gcc/avr/4.7.2/avr51\libgcc.a(_copy_data.o)
 .text          0x00000000        0x0 c:/program files (x86)/atmel/atmel toolchain/avr8 gcc/native/3.4.2.1002/avr8-gnu-toolchain/bin/../lib/gcc/avr/4.7.2/avr51\libgcc.a(_clear_bss.o)
 .bss           0x00000000        0x0 c:/program files (x86)/atmel/atmel toolchain/avr8 gcc/native/3.4.2.1002/avr8-gnu-toolchain/bin/../lib/gcc/avr/4.7.2/avr51\libgcc.a(_clear_bss.o)
 .text.libgcc.mul
                0x00000000        0x0 c:/program files (x86)/atmel/atmel toolchain/avr8 gcc/native/3.4.2.1002/avr8-gnu-toolchain/bin/../lib/gcc/avr/4.7.2/avr51\libgcc.a(_clear_bss.o)
 .text.libgcc.div
                0x00000000        0x0 c:/program files (x86)/atmel/atmel toolchain/avr8 gcc/native/3.4.2.1002/avr8-gnu-toolchain/bin/../lib/gcc/avr/4.7.2/avr51\libgcc.a(_clear_bss.o)
 .text.libgcc   0x00000000        0x0 c:/program files (x86)/atmel/atmel toolchain/avr8 gcc/native/3.4.2.1002/avr8-gnu-toolchain/bin/../lib/gcc/avr/4.7.2/avr51\libgcc.a(_clear_bss.o)
 .text.libgcc.prologue
                0x00000000        0x0 c:/program files (x86)/atmel/atmel toolchain/avr8 gcc/native/3.4.2.1002/avr8-gnu-toolchain/bin/../lib/gcc/avr/4.7.2/avr51\libgcc.a(_clear_bss.o)
 .text.libgcc.builtins
                0x00000000        0x0 c:/program files (x86)/atmel/atmel toolchain/avr8 gcc/native/3.4.2.1002/avr8-gnu-toolchain/bin/../lib/gcc/avr/4.7.2/avr51\libgcc.a(_clear_bss.o)
 .text.libgcc.fmul
                0x00000000        0x0 c:/program files (x86)/atmel/atmel toolchain/avr8 gcc/native/3.4.2.1002/avr8-gnu-toolchain/bin/../lib/gcc/avr/4.7.2/avr51\libgcc.a(_clear_bss.o)

Memory Configuration

Name             Origin             Length             Attributes
text             0x00000000         0x00020000         xr
data             0x00800100         0x0000ff00         rw !x
eeprom           0x00810000         0x00010000         rw !x
fuse             0x00820000         0x00000400         rw !x
lock             0x00830000         0x00000400         rw !x
signature        0x00840000         0x00000400         rw !x
user_signatures  0x00850000         0x00000400         rw !x
*default*        0x00000000         0xffffffff

Linker script and memory map

Address of section .data set to 0x800100
LOAD c:/program files (x86)/atmel/atmel toolchain/avr8 gcc/native/3.4.2.1002/avr8-gnu-toolchain/bin/../lib/gcc/avr/4.7.2/../../../../avr/lib/avr51/crtusb1286.o
LOAD main.o
LOAD scheduler.o
LOAD usb_descriptors.o
LOAD usb_device_task.o
LOAD usb_specific_request.o
LOAD usb_standard_request.o
LOAD usb_task.o
LOAD lib_mcu/power/power_drv.o
LOAD lib_mcu/usb/usb_drv.o
LOAD lib_mcu/wdt/wdt_drv.o
LOAD programmer_task.o
LOAD async.o
LOAD rs232_task.o
START GROUP
END GROUP
LOAD c:/program files (x86)/atmel/atmel toolchain/avr8 gcc/native/3.4.2.1002/avr8-gnu-toolchain/bin/../lib/gcc/avr/4.7.2/avr51\libgcc.a
LOAD c:/program files (x86)/atmel/atmel toolchain/avr8 gcc/native/3.4.2.1002/avr8-gnu-toolchain/bin/../lib/gcc/avr/4.7.2/../../../../avr/lib/avr51\libc.a
LOAD c:/program files (x86)/atmel/atmel toolchain/avr8 gcc/native/3.4.2.1002/avr8-gnu-toolchain/bin/../lib/gcc/avr/4.7.2/avr51\libgcc.a

.hash
 *(.hash)

.dynsym
 *(.dynsym)

.dynstr
 *(.dynstr)

.gnu.version
 *(.gnu.version)

.gnu.version_d
 *(.gnu.version_d)

.gnu.version_r
 *(.gnu.version_r)

.rel.init
 *(.rel.init)

.rela.init
 *(.rela.init)

.rel.text
 *(.rel.text)
 *(.rel.text.*)
 *(.rel.gnu.linkonce.t*)

.rela.text
 *(.rela.text)
 *(.rela.text.*)
 *(.rela.gnu.linkonce.t*)

.rel.fini
 *(.rel.fini)

.rela.fini
 *(.rela.fini)

.rel.rodata
 *(.rel.rodata)
 *(.rel.rodata.*)
 *(.rel.gnu.linkonce.r*)

.rela.rodata
 *(.rela.rodata)
 *(.rela.rodata.*)
 *(.rela.gnu.linkonce.r*)

.rel.data
 *(.rel.data)
 *(.rel.data.*)
 *(.rel.gnu.linkonce.d*)

.rela.data
 *(.rela.data)
 *(.rela.data.*)
 *(.rela.gnu.linkonce.d*)

.rel.ctors
 *(.rel.ctors)

.rela.ctors
 *(.rela.ctors)

.rel.dtors
 *(.rel.dtors)

.rela.dtors
 *(.rela.dtors)

.rel.got
 *(.rel.got)

.rela.got
 *(.rela.got)

.rel.bss
 *(.rel.bss)

.rela.bss
 *(.rela.bss)

.rel.plt
 *(.rel.plt)

.rela.plt
 *(.rela.plt)

.text           0x00000000     0x1134
 *(.vectors)
 .vectors       0x00000000       0x98 c:/program files (x86)/atmel/atmel toolchain/avr8 gcc/native/3.4.2.1002/avr8-gnu-toolchain/bin/../lib/gcc/avr/4.7.2/../../../../avr/lib/avr51/crtusb1286.o
                0x00000000                __vector_default
                0x00000000                __vectors
 *(.vectors)
 *(.progmem.gcc*)
 *(.progmem*)
 .progmem.data.usb_user_language_id
                0x00000098        0x4 usb_descriptors.o
                0x00000098                usb_user_language_id
 .progmem.data.usb_user_serial_number
                0x0000009c       0x1c usb_descriptors.o
                0x0000009c                usb_user_serial_number
 .progmem.data.usb_user_product_string_descriptor
                0x000000b8       0x1a usb_descriptors.o
                0x000000b8                usb_user_product_string_descriptor
 .progmem.data.usb_user_manufacturer_string_descriptor
                0x000000d2        0xe usb_descriptors.o
                0x000000d2                usb_user_manufacturer_string_descriptor
 .progmem.data.usb_conf_desc
                0x000000e0       0x20 usb_descriptors.o
                0x000000e0                usb_conf_desc
 .progmem.data.usb_dev_desc
                0x00000100       0x12 usb_descriptors.o
                0x00000100                usb_dev_desc
                0x00000112                . = ALIGN (0x2)
                0x00000112                __trampolines_start = .
 *(.trampolines)
 .trampolines   0x00000112        0x0 linker stubs
 *(.trampolines*)
                0x00000112                __trampolines_end = .
 *(.jumptables)
 *(.jumptables*)
 *(.lowtext)
 *(.lowtext*)
                0x00000112                __ctors_start = .
 *(.ctors)
                0x00000112                __ctors_end = .
                0x00000112                __dtors_start = .
 *(.dtors)
                0x00000112                __dtors_end = .
 SORT(*)(.ctors)
 SORT(*)(.dtors)
 *(.init0)
 .init0         0x00000112        0x0 c:/program files (x86)/atmel/atmel toolchain/avr8 gcc/native/3.4.2.1002/avr8-gnu-toolchain/bin/../lib/gcc/avr/4.7.2/../../../../avr/lib/avr51/crtusb1286.o
                0x00000112                __init
 *(.init0)
 *(.init1)
 *(.init1)
 *(.init2)
 .init2         0x00000112        0xc c:/program files (x86)/atmel/atmel toolchain/avr8 gcc/native/3.4.2.1002/avr8-gnu-toolchain/bin/../lib/gcc/avr/4.7.2/../../../../avr/lib/avr51/crtusb1286.o
 *(.init2)
 *(.init3)
 .init3         0x0000011e       0x16 main.o
                0x0000011e                __low_level_init
 *(.init3)
 *(.init4)
 .init4         0x00000134       0x1a c:/program files (x86)/atmel/atmel toolchain/avr8 gcc/native/3.4.2.1002/avr8-gnu-toolchain/bin/../lib/gcc/avr/4.7.2/avr51\libgcc.a(_copy_data.o)
                0x00000134                __do_copy_data
 .init4         0x0000014e       0x10 c:/program files (x86)/atmel/atmel toolchain/avr8 gcc/native/3.4.2.1002/avr8-gnu-toolchain/bin/../lib/gcc/avr/4.7.2/avr51\libgcc.a(_clear_bss.o)
                0x0000014e                __do_clear_bss
 *(.init4)
 *(.init5)
 *(.init5)
 *(.init6)
 *(.init6)
 *(.init7)
 *(.init7)
 *(.init8)
 *(.init8)
 *(.init9)
 .init9         0x0000015e        0x8 c:/program files (x86)/atmel/atmel toolchain/avr8 gcc/native/3.4.2.1002/avr8-gnu-toolchain/bin/../lib/gcc/avr/4.7.2/../../../../avr/lib/avr51/crtusb1286.o
 *(.init9)
 *(.text)
 .text          0x00000166        0x4 c:/program files (x86)/atmel/atmel toolchain/avr8 gcc/native/3.4.2.1002/avr8-gnu-toolchain/bin/../lib/gcc/avr/4.7.2/../../../../avr/lib/avr51/crtusb1286.o
                0x00000166                __vector_22
                0x00000166                __vector_28
                0x00000166                __vector_1
                0x00000166                __vector_32
                0x00000166                __vector_34
                0x00000166                __vector_24
                0x00000166                __vector_12
                0x00000166                __bad_interrupt
                0x00000166                __vector_6
                0x00000166                __vector_31
                0x00000166                __vector_35
                0x00000166                __vector_3
                0x00000166                __vector_23
                0x00000166                __vector_30
                0x00000166                __vector_11
                0x00000166                __vector_13
                0x00000166                __vector_17
                0x00000166                __vector_19
                0x00000166                __vector_7
                0x00000166                __vector_5
                0x00000166                __vector_33
                0x00000166                __vector_37
                0x00000166                __vector_4
                0x00000166                __vector_9
                0x00000166                __vector_2
                0x00000166                __vector_21
                0x00000166                __vector_15
                0x00000166                __vector_36
                0x00000166                __vector_29
                0x00000166                __vector_8
                0x00000166                __vector_14
                0x00000166                __vector_16
                0x00000166                __vector_18
                0x00000166                __vector_20
                0x0000016a                . = ALIGN (0x2)
 *(.text.*)
 .text.startup.main
                0x0000016a       0x22 main.o
                0x0000016a                main
 .text.scheduler_init
                0x0000018c        0x8 scheduler.o
                0x0000018c                scheduler_init
 .text.scheduler_tasks
                0x00000194        0xa scheduler.o
                0x00000194                scheduler_tasks
 .text.scheduler
                0x0000019e        0x8 scheduler.o
                0x0000019e                scheduler
 .text.usb_device_task_init
                0x000001a6       0x1c usb_device_task.o
                0x000001a6                usb_device_task_init
 .text.usb_start_device
                0x000001c2       0x3c usb_device_task.o
                0x000001c2                usb_start_device
 .text.usb_device_task
                0x000001fe       0xaa usb_device_task.o
                0x000001fe                usb_device_task
 .text.usb_user_read_request
                0x000002a8        0x4 usb_specific_request.o
                0x000002a8                usb_user_read_request
 .text.usb_user_endpoint_init
                0x000002ac       0x24 usb_specific_request.o
                0x000002ac                usb_user_endpoint_init
 .text.usb_user_interface_get
                0x000002d0        0x4 usb_specific_request.o
                0x000002d0                usb_user_interface_get
 .text.usb_user_interface_reset
                0x000002d4       0x4c usb_specific_request.o
                0x000002d4                usb_user_interface_reset
 .text.usb_user_get_descriptor
                0x00000320       0x52 usb_specific_request.o
                0x00000320                usb_user_get_descriptor
 .text.usb_process_request
                0x00000372      0x48c usb_standard_request.o
                0x00000372                usb_process_request
 .text.usb_task_init
                0x000007fe       0x1a usb_task.o
                0x000007fe                usb_task_init
 .text.usb_task
                0x00000818        0x4 usb_task.o
                0x00000818                usb_task
 .text.__vector_10
                0x0000081c      0x1b0 usb_task.o
                0x0000081c                __vector_10
 .text.usb_config_ep
                0x000009cc       0x2c lib_mcu/usb/usb_drv.o
                0x000009cc                usb_config_ep
 .text.usb_init_device
                0x000009f8       0x2e lib_mcu/usb/usb_drv.o
                0x000009f8                usb_init_device
 .text.wdtdrv_disable
                0x00000a26       0x20 lib_mcu/wdt/wdt_drv.o
                0x00000a26                wdtdrv_disable
 .text.reverse8
                0x00000a46       0x3c programmer_task.o
 .text.sof_action
                0x00000a82        0xc programmer_task.o
                0x00000a82                sof_action
 .text.usb_eprom_csw
                0x00000a8e       0xa0 programmer_task.o
                0x00000a8e                usb_eprom_csw
 .text.delay_ms
                0x00000b2e       0x1c programmer_task.o
                0x00000b2e                delay_ms
 .text.io_init  0x00000b4a       0x76 programmer_task.o
                0x00000b4a                io_init
 .text.programmer_task_init
                0x00000bc0       0x10 programmer_task.o
                0x00000bc0                programmer_task_init
 .text.x2444_command
                0x00000bd0       0x1a programmer_task.o
 .text.x2444_write
                0x00000bea       0x92 programmer_task.o
                0x00000bea                x2444_write
 .text.x2444_read
                0x00000c7c       0x9a programmer_task.o
                0x00000c7c                x2444_read
 .text.x2212_write
                0x00000d16       0x94 programmer_task.o
                0x00000d16                x2212_write
 .text.x2212_read
                0x00000daa       0x8e programmer_task.o
                0x00000daa                x2212_read
 .text.decode_command
                0x00000e38       0xd2 programmer_task.o
                0x00000e38                decode_command
 .text.usb_eprom_cbw
                0x00000f0a       0x92 programmer_task.o
                0x00000f0a                usb_eprom_cbw
 .text.programmer_task
                0x00000f9c       0x4c programmer_task.o
                0x00000f9c                programmer_task
 .text.__vector_27
                0x00000fe8       0x14 async.o
                0x00000fe8                __vector_27
 .text.__vector_26
                0x00000ffc       0x96 async.o
                0x00000ffc                __vector_26
 .text.__vector_25
                0x00001092       0x9e async.o
                0x00001092                __vector_25
                0x00001130                . = ALIGN (0x2)
 *(.fini9)
 .fini9         0x00001130        0x0 c:/program files (x86)/atmel/atmel toolchain/avr8 gcc/native/3.4.2.1002/avr8-gnu-toolchain/bin/../lib/gcc/avr/4.7.2/avr51\libgcc.a(_exit.o)
                0x00001130                _exit
                0x00001130                exit
 *(.fini9)
 *(.fini8)
 *(.fini8)
 *(.fini7)
 *(.fini7)
 *(.fini6)
 *(.fini6)
 *(.fini5)
 *(.fini5)
 *(.fini4)
 *(.fini4)
 *(.fini3)
 *(.fini3)
 *(.fini2)
 *(.fini2)
 *(.fini1)
 *(.fini1)
 *(.fini0)
 .fini0         0x00001130        0x4 c:/program files (x86)/atmel/atmel toolchain/avr8 gcc/native/3.4.2.1002/avr8-gnu-toolchain/bin/../lib/gcc/avr/4.7.2/avr51\libgcc.a(_exit.o)
 *(.fini0)
                0x00001134                _etext = .

.data           0x00800100        0x2 load address 0x00001134
                0x00800100                PROVIDE (__data_start, .)
 *(.data)
 .data          0x00800100        0x0 c:/program files (x86)/atmel/atmel toolchain/avr8 gcc/native/3.4.2.1002/avr8-gnu-toolchain/bin/../lib/gcc/avr/4.7.2/../../../../avr/lib/avr51/crtusb1286.o
 .data          0x00800100        0x0 main.o
 .data          0x00800100        0x0 scheduler.o
 .data          0x00800100        0x0 usb_descriptors.o
 .data          0x00800100        0x0 usb_device_task.o
 .data          0x00800100        0x0 usb_specific_request.o
 .data          0x00800100        0x0 usb_standard_request.o
 .data          0x00800100        0x0 usb_task.o
 .data          0x00800100        0x0 lib_mcu/power/power_drv.o
 .data          0x00800100        0x0 lib_mcu/usb/usb_drv.o
 .data          0x00800100        0x0 lib_mcu/wdt/wdt_drv.o
 .data          0x00800100        0x0 programmer_task.o
 .data          0x00800100        0x0 async.o
 .data          0x00800100        0x0 rs232_task.o
 .data          0x00800100        0x0 c:/program files (x86)/atmel/atmel toolchain/avr8 gcc/native/3.4.2.1002/avr8-gnu-toolchain/bin/../lib/gcc/avr/4.7.2/avr51\libgcc.a(_exit.o)
 .data          0x00800100        0x0 c:/program files (x86)/atmel/atmel toolchain/avr8 gcc/native/3.4.2.1002/avr8-gnu-toolchain/bin/../lib/gcc/avr/4.7.2/avr51\libgcc.a(_copy_data.o)
 .data          0x00800100        0x0 c:/program files (x86)/atmel/atmel toolchain/avr8 gcc/native/3.4.2.1002/avr8-gnu-toolchain/bin/../lib/gcc/avr/4.7.2/avr51\libgcc.a(_clear_bss.o)
 *(.data*)
 .data.g_devtype
                0x00800100        0x1 programmer_task.o
                0x00800100                g_devtype
 *(.rodata)
 *(.rodata*)
 *(.gnu.linkonce.d*)
                0x00800102                . = ALIGN (0x2)
 *fill*         0x00800101        0x1 
                0x00800102                _edata = .
                0x00800102                PROVIDE (__data_end, .)

.bss            0x00800102      0x178
                0x00800102                PROVIDE (__bss_start, .)
 *(.bss)
 *(.bss*)
 .bss.usb_connected
                0x00800102        0x1 usb_device_task.o
                0x00800102                usb_connected
 .bss.remote_wakeup_feature
                0x00800103        0x1 usb_standard_request.o
                0x00800103                remote_wakeup_feature
 .bss.g_usb_event
                0x00800104        0x2 usb_task.o
                0x00800104                g_usb_event
 .bss.g_address
                0x00800106        0x2 programmer_task.o
                0x00800106                g_address
 .bss.cnt.1941  0x00800108        0x2 programmer_task.o
 .bss.async     0x0080010a       0x60 async.o
 *(COMMON)
 COMMON         0x0080016a        0xb usb_standard_request.o
                0x0080016a                endpoint_status
                0x00800171                usb_configuration_nb
                0x00800172                data_to_transfer
                0x00800173                pbuffer
 COMMON         0x00800175      0x105 programmer_task.o
                0x00800175                g_buf
                0x00800275                g_data
                0x00800276                g_dir
                0x00800277                cpt_sof
                0x00800278                g_command
                0x00800279                g_status
                0x0080027a                PROVIDE (__bss_end, .)
                0x00001134                __data_load_start = LOADADDR (.data)
                0x00001136                __data_load_end = (__data_load_start + SIZEOF (.data))

.noinit         0x0080027a        0x0
                0x0080027a                PROVIDE (__noinit_start, .)
 *(.noinit*)
                0x0080027a                PROVIDE (__noinit_end, .)
                0x0080027a                _end = .
                0x0080027a                PROVIDE (__heap_start, .)

.eeprom         0x00810000        0x0
 *(.eeprom*)
                0x00810000                __eeprom_end = .

.fuse
 *(.fuse)
 *(.lfuse)
 *(.hfuse)
 *(.efuse)

.lock
 *(.lock*)

.signature
 *(.signature*)

.user_signatures
 *(.user_signatures*)

.stab           0x00000000      0x6cc
 *(.stab)
 .stab          0x00000000      0x6cc c:/program files (x86)/atmel/atmel toolchain/avr8 gcc/native/3.4.2.1002/avr8-gnu-toolchain/bin/../lib/gcc/avr/4.7.2/../../../../avr/lib/avr51/crtusb1286.o

.stabstr        0x00000000       0x97
 *(.stabstr)
 .stabstr       0x00000000       0x97 c:/program files (x86)/atmel/atmel toolchain/avr8 gcc/native/3.4.2.1002/avr8-gnu-toolchain/bin/../lib/gcc/avr/4.7.2/../../../../avr/lib/avr51/crtusb1286.o

.stab.excl
 *(.stab.excl)

.stab.exclstr
 *(.stab.exclstr)

.stab.index
 *(.stab.index)

.stab.indexstr
 *(.stab.indexstr)

.comment        0x00000000       0x2f
 *(.comment)
 .comment       0x00000000       0x2f main.o
                                 0x30 (size before relaxing)
 .comment       0x00000000       0x30 scheduler.o
 .comment       0x00000000       0x30 usb_descriptors.o
 .comment       0x00000000       0x30 usb_device_task.o
 .comment       0x00000000       0x30 usb_specific_request.o
 .comment       0x00000000       0x30 usb_standard_request.o
 .comment       0x00000000       0x30 usb_task.o
 .comment       0x00000000       0x30 lib_mcu/power/power_drv.o
 .comment       0x00000000       0x30 lib_mcu/usb/usb_drv.o
 .comment       0x00000000       0x30 lib_mcu/wdt/wdt_drv.o
 .comment       0x00000000       0x30 programmer_task.o
 .comment       0x00000000       0x30 async.o
 .comment       0x00000000       0x30 rs232_task.o

.debug
 *(.debug)

.line
 *(.line)

.debug_srcinfo
 *(.debug_srcinfo)

.debug_sfnames
 *(.debug_sfnames)

.debug_aranges  0x00000000      0x330
 *(.debug_aranges)
 .debug_aranges
                0x00000000       0x28 main.o
 .debug_aranges
                0x00000028       0x38 scheduler.o
 .debug_aranges
                0x00000060       0x18 usb_descriptors.o
 .debug_aranges
                0x00000078       0x30 usb_device_task.o
 .debug_aranges
                0x000000a8       0x40 usb_specific_request.o
 .debug_aranges
                0x000000e8       0x28 usb_standard_request.o
 .debug_aranges
                0x00000110       0x30 usb_task.o
 .debug_aranges
                0x00000140       0x48 lib_mcu/power/power_drv.o
 .debug_aranges
                0x00000188       0x48 lib_mcu/usb/usb_drv.o
 .debug_aranges
                0x000001d0       0x38 lib_mcu/wdt/wdt_drv.o
 .debug_aranges
                0x00000208       0x90 programmer_task.o
 .debug_aranges
                0x00000298       0x68 async.o
 .debug_aranges
                0x00000300       0x30 rs232_task.o

.debug_pubnames
 *(.debug_pubnames)

.debug_info     0x00000000     0x3086
 *(.debug_info)
 .debug_info    0x00000000      0x1c4 main.o
 .debug_info    0x000001c4      0x151 scheduler.o
 .debug_info    0x00000315      0x4f7 usb_descriptors.o
 .debug_info    0x0000080c      0x176 usb_device_task.o
 .debug_info    0x00000982      0x3b2 usb_specific_request.o
 .debug_info    0x00000d34      0x8de usb_standard_request.o
 .debug_info    0x00001612      0x17b usb_task.o
 .debug_info    0x0000178d      0x114 lib_mcu/power/power_drv.o
 .debug_info    0x000018a1      0x225 lib_mcu/usb/usb_drv.o
 .debug_info    0x00001ac6      0x173 lib_mcu/wdt/wdt_drv.o
 .debug_info    0x00001c39      0x859 programmer_task.o
 .debug_info    0x00002492      0x521 async.o
 .debug_info    0x000029b3      0x6d3 rs232_task.o
 *(.gnu.linkonce.wi.*)

.debug_abbrev   0x00000000     0x10a3
 *(.debug_abbrev)
 .debug_abbrev  0x00000000       0xfa main.o
 .debug_abbrev  0x000000fa       0x91 scheduler.o
 .debug_abbrev  0x0000018b       0xbe usb_descriptors.o
 .debug_abbrev  0x00000249       0xde usb_device_task.o
 .debug_abbrev  0x00000327      0x183 usb_specific_request.o
 .debug_abbrev  0x000004aa      0x283 usb_standard_request.o
 .debug_abbrev  0x0000072d       0xe0 usb_task.o
 .debug_abbrev  0x0000080d       0x51 lib_mcu/power/power_drv.o
 .debug_abbrev  0x0000085e       0xf5 lib_mcu/usb/usb_drv.o
 .debug_abbrev  0x00000953       0x96 lib_mcu/wdt/wdt_drv.o
 .debug_abbrev  0x000009e9      0x27b programmer_task.o
 .debug_abbrev  0x00000c64      0x26a async.o
 .debug_abbrev  0x00000ece      0x1d5 rs232_task.o

.debug_line     0x00000000     0x1773
 *(.debug_line)
 .debug_line    0x00000000      0x1c3 main.o
 .debug_line    0x000001c3       0x8b scheduler.o
 .debug_line    0x0000024e       0x57 usb_descriptors.o
 .debug_line    0x000002a5      0x187 usb_device_task.o
 .debug_line    0x0000042c      0x19d usb_specific_request.o
 .debug_line    0x000005c9      0x208 usb_standard_request.o
 .debug_line    0x000007d1      0x1ad usb_task.o
 .debug_line    0x0000097e      0x13e lib_mcu/power/power_drv.o
 .debug_line    0x00000abc      0x191 lib_mcu/usb/usb_drv.o
 .debug_line    0x00000c4d      0x192 lib_mcu/wdt/wdt_drv.o
 .debug_line    0x00000ddf      0x456 programmer_task.o
 .debug_line    0x00001235      0x32e async.o
 .debug_line    0x00001563      0x210 rs232_task.o

.debug_frame    0x00000000      0x6ec
 *(.debug_frame)
 .debug_frame   0x00000000       0x34 main.o
 .debug_frame   0x00000034       0x54 scheduler.o
 .debug_frame   0x00000088       0x44 usb_device_task.o
 .debug_frame   0x000000cc       0x70 usb_specific_request.o
 .debug_frame   0x0000013c       0x50 usb_standard_request.o
 .debug_frame   0x0000018c       0x8c usb_task.o
 .debug_frame   0x00000218       0x74 lib_mcu/power/power_drv.o
 .debug_frame   0x0000028c       0x74 lib_mcu/usb/usb_drv.o
 .debug_frame   0x00000300       0x54 lib_mcu/wdt/wdt_drv.o
 .debug_frame   0x00000354      0x18c programmer_task.o
 .debug_frame   0x000004e0      0x18c async.o
 .debug_frame   0x0000066c       0x80 rs232_task.o

.debug_str      0x00000000      0xd02
 *(.debug_str)
 .debug_str     0x00000000      0x17e main.o
                                0x1b7 (size before relaxing)
 .debug_str     0x0000017e       0x80 scheduler.o
                                0x15d (size before relaxing)
 .debug_str     0x000001fe      0x362 usb_descriptors.o
                                0x435 (size before relaxing)
 .debug_str     0x00000560       0xc4 usb_device_task.o
                                0x19f (size before relaxing)
 .debug_str     0x00000624       0xf4 usb_specific_request.o
                                0x2ed (size before relaxing)
 .debug_str     0x00000718      0x1a0 usb_standard_request.o
                                0x5ba (size before relaxing)
 .debug_str     0x000008b8       0x27 usb_task.o
                                0x185 (size before relaxing)
 .debug_str     0x000008df       0x96 lib_mcu/power/power_drv.o
                                0x171 (size before relaxing)
 .debug_str     0x00000975       0xb6 lib_mcu/usb/usb_drv.o
                                0x1af (size before relaxing)
 .debug_str     0x00000a2b       0x6e lib_mcu/wdt/wdt_drv.o
                                0x161 (size before relaxing)
 .debug_str     0x00000a99       0xf6 programmer_task.o
                                0x263 (size before relaxing)
 .debug_str     0x00000b8f       0xcb async.o
                                0x1e4 (size before relaxing)
 .debug_str     0x00000c5a       0xa8 rs232_task.o
                                0x1e5 (size before relaxing)

.debug_loc      0x00000000     0x16d6
 *(.debug_loc)
 .debug_loc     0x00000000      0x142 usb_specific_request.o
 .debug_loc     0x00000142      0x2f6 usb_standard_request.o
 .debug_loc     0x00000438       0xcb usb_task.o
 .debug_loc     0x00000503      0x162 lib_mcu/usb/usb_drv.o
 .debug_loc     0x00000665       0x63 lib_mcu/wdt/wdt_drv.o
 .debug_loc     0x000006c8      0x564 programmer_task.o
 .debug_loc     0x00000c2c      0x6f7 async.o
 .debug_loc     0x00001323      0x3b3 rs232_task.o

.debug_macinfo
 *(.debug_macinfo)

.debug_pubtypes
 *(.debug_pubtypes)

.debug_ranges   0x00000000      0x300
 *(.debug_ranges)
 .debug_ranges  0x00000000       0x18 main.o
 .debug_ranges  0x00000018       0x28 scheduler.o
 .debug_ranges  0x00000040       0x20 usb_device_task.o
 .debug_ranges  0x00000060       0x30 usb_specific_request.o
 .debug_ranges  0x00000090       0x60 usb_standard_request.o
 .debug_ranges  0x000000f0       0x20 usb_task.o
 .debug_ranges  0x00000110       0x38 lib_mcu/power/power_drv.o
 .debug_ranges  0x00000148       0x38 lib_mcu/usb/usb_drv.o
 .debug_ranges  0x00000180       0x28 lib_mcu/wdt/wdt_drv.o
 .debug_ranges  0x000001a8       0x98 programmer_task.o
 .debug_ranges  0x00000240       0xa0 async.o
 .debug_ranges  0x000002e0       0x20 rs232_task.o

.debug_macro
 *(.debug_macro)
OUTPUT(GEFlashUSBf.elf elf32-avr)
LOAD linker stubs
